Microchip MPLAB XC8 Compiler V1.34 ()

Linker command line:

--edf=/opt/microchip/xc8/v1.34/dat/en_msgs.txt -cs -h+tmp/ecu_26k80.sym \
  --cmf=tmp/ecu_26k80.cmf -z -Q18F26K80 -o/tmp/cgtdGW9xG -Mecu_26k80.map \
  -E1 -ver=XC8 -ASTACK=060h-0e40h -pstack=STACK -ACODE=00h-0FFFFh \
  -ACONST=00h-0FFFFh -ASMALLCONST=0F00h-0FFFhx241 \
  -AMEDIUMCONST=0F00h-0FFFFh -ACOMRAM=01h-05Fh -AABS1=00h-0E40h \
  -ABIGRAM=01h-0E40h -ARAM=060h-0FFh,0100h-01FFhx13,0E00h-0E40h \
  -ABANK0=060h-0FFh -ABANK1=0100h-01FFh -ABANK2=0200h-02FFh \
  -ABANK3=0300h-03FFh -ABANK4=0400h-04FFh -ABANK5=0500h-05FFh \
  -ABANK6=0600h-06FFh -ABANK7=0700h-07FFh -ABANK8=0800h-08FFh \
  -ABANK9=0900h-09FFh -ABANK10=0A00h-0AFFh -ABANK11=0B00h-0BFFh \
  -ABANK12=0C00h-0CFFh -ABANK13=0D00h-0DFFh -ABANK14=0E00h-0E40h \
  -ASFR=0E41h-0EFFh,0F00h-0F5Fh,0F60h-0FFFh \
  -preset_vec=00h,intcode=08h,intcodelo=018h,powerup,init,end_init \
  -pramtop=0F00h -psmallconst=SMALLCONST -pmediumconst=MEDIUMCONST \
  -pconst=CONST -AFARRAM=00h-00h -ACONFIG=0300000h-030000Dh -pconfig=CONFIG \
  -AIDLOC=0200000h-0200007h -pidloc=IDLOC -AEEDATA=0F00000h-0F003FFh \
  -peeprom_data=EEDATA \
  -prdata=COMRAM,nvrram=COMRAM,nvbit=COMRAM,rbss=COMRAM,rbit=COMRAM \
  -pfarbss=FARRAM,fardata=FARRAM,nvFARRAM=FARRAM \
  -pintsave_regs=BIGRAM,bigbss=BIGRAM,bigdata=BIGRAM -pbss=RAM \
  -pidata=CODE,irdata=CODE,ibigdata=CODE,ifardata=CODE -prparam=COMRAM \
  /tmp/cgtYm6YHE.obj tmp/ecu_26k80.obj 

Object code version is 3.11

Machine type is 18F26K80

Call graph: (short form)




                Name                               Link     Load   Length Selector   Space Scale
/tmp/cgtYm6YHE.obj
                end_init                             A6       A6        4        C       0
                reset_vec                             0        0        4        0       0
                idloc                            200000   200000        8   200000       0
                config                           300000   300000        E   300000       0
tmp/ecu_26k80.obj
                intcodelo                            18       18       8E        C       0
                intcode                               8        8       10        4       0
                smallconst                          F00      F00       72      780       0
                text15                             119A     119A       24      7B9       0
                text14                             126A     126A        4      7B9       0
                text13                             1248     1248       12      7B9       0
                intcode_body                        F72      F72       AE      7B9       0
                text10                             120E     120E       16      7B9       0
                text9                              1020     1020       68      7B9       0
                text8                              11BE     11BE       20      7B9       0
                text7                              1130     1130       3E      7B9       0
                text6                              1236     1236       12      7B9       0
                text5                              1224     1224       12      7B9       0
                text4                              1088     1088       60      7B9       0
                text3                              11F8     11F8       16      7B9       0
                text2                              125A     125A       10      7B9       0
                text1                              116E     116E       2C      7B9       0
                text0                              10E8     10E8       48      7B9       0
                cstackCOMRAM                          1        1       2A        1       1
                bssCOMRAM                            2B       2B        8        1       1
                cinit                              11DE     11DE       1A      7B9       0

TOTAL           Name                               Link     Load   Length     Space
        CLASS   STACK          

        CLASS   CODE           
                end_init                             A6       A6        4         0
                intcodelo                            18       18       8E         0
                intcode                               8        8       10         0
                reset_vec                             0        0        4         0
                text15                             119A     119A       24         0
                text14                             126A     126A        4         0
                text13                             1248     1248       12         0
                intcode_body                        F72      F72       AE         0
                text10                             120E     120E       16         0
                text9                              1020     1020       68         0
                text8                              11BE     11BE       20         0
                text7                              1130     1130       3E         0
                text6                              1236     1236       12         0
                text5                              1224     1224       12         0
                text4                              1088     1088       60         0
                text3                              11F8     11F8       16         0
                text2                              125A     125A       10         0
                text1                              116E     116E       2C         0
                text0                              10E8     10E8       48         0
                cinit                              11DE     11DE       1A         0

        CLASS   CONST          

        CLASS   SMALLCONST     
                smallconst                          F00      F00       72         0

        CLASS   MEDIUMCONST    

        CLASS   COMRAM         
                cstackCOMRAM                          1        1       2A         1
                bssCOMRAM                            2B       2B        8         1

        CLASS   ABS1           

        CLASS   BIGRAM         

        CLASS   RAM            

        CLASS   BANK0          

        CLASS   BANK1          

        CLASS   BANK2          

        CLASS   BANK3          

        CLASS   BANK4          

        CLASS   BANK5          

        CLASS   BANK6          

        CLASS   BANK7          

        CLASS   BANK8          

        CLASS   BANK9          

        CLASS   BANK10         

        CLASS   BANK11         

        CLASS   BANK12         

        CLASS   BANK13         

        CLASS   BANK14         

        CLASS   SFR            

        CLASS   FARRAM         

        CLASS   CONFIG         
                config                           300000   300000        E         0

        CLASS   IDLOC          
                idloc                            200000   200000        8         0

        CLASS   EEDATA         



SEGMENTS        Name                           Load    Length   Top    Selector   Space  Class

                reset_vec                      000000  000004  000004         0       0  CODE    
                cstackCOMRAM                   000001  000032  000033         1       1  COMRAM  
                intcode                        000008  000010  000018         4       0  CODE    
                intcodelo                      000018  000092  0000AA         C       0  CODE    
                smallconst                     000F00  000072  000F72       780       0  SMALLCON
                intcode_body                   000F72  0002FC  00126E       7B9       0  CODE    
                idloc                          200000  000008  200008    200000       0  IDLOC   
                config                         300000  00000E  30000E    300000       0  CONFIG  


UNUSED ADDRESS RANGES

        Name                Unused          Largest block    Delta
        BANK0            000060-0000FF               A0
        BANK1            000100-0001FF              100
        BANK10           000A00-000AFF              100
        BANK11           000B00-000BFF              100
        BANK12           000C00-000CFF              100
        BANK13           000D00-000DFF              100
        BANK14           000E00-000E40               41
        BANK2            000200-0002FF              100
        BANK3            000300-0003FF              100
        BANK4            000400-0004FF              100
        BANK5            000500-0005FF              100
        BANK6            000600-0006FF              100
        BANK7            000700-0007FF              100
        BANK8            000800-0008FF              100
        BANK9            000900-0009FF              100
        BIGRAM           000033-000E40              E0E
        CODE             000004-000007                4
                         0000AA-000EFF              E56
                         00126E-00FFFF             ED92
        COMRAM           000033-00005F               2D
        CONST            000004-000007                4
                         0000AA-000EFF              E56
                         00126E-00FFFF             ED92
        EEDATA           F00000-F003FF              400
        MEDIUMCONST      00126E-00FFFF             ED92
        RAM              000060-000E40              100
        SFR              000E41-000FFF               BF
        SMALLCONST       00126E-00FFFF              100
        STACK            000060-000E40              DE1

                                  Symbol Table

?_printf                      cstackCOMRAM 000026
Open2USART@config             cstackCOMRAM 000026
Open2USART@spbrg              cstackCOMRAM 000024
OpenTimer0@config             cstackCOMRAM 000024
OpenTimer3@config             cstackCOMRAM 000026
OpenTimer3@config1            cstackCOMRAM 000024
Read2USART@data               cstackCOMRAM 000012
Write2USART@data              cstackCOMRAM 000024
WriteTimer0@timer             cstackCOMRAM 000026
WriteTimer0@timer0            cstackCOMRAM 000024
WriteTimer3@timer             cstackCOMRAM 000026
WriteTimer3@timer3            cstackCOMRAM 000024
_ConfigureOscillator          text10       00120E
_HFIOFS                       (abs)        007E9A
_INTCONbits                   (abs)        000FF2
_IPR1bits                     (abs)        000F9F
_IPR3bits                     (abs)        000FA5
_InitApp                      text4        001088
_LATCbits                     (abs)        000F8B
_OSCCON                       (abs)        000FD3
_OSCTUNE                      (abs)        000F9B
_Open2USART                   text9        001020
_OpenTimer0                   text8        0011BE
_OpenTimer3                   text7        001130
_PIE1bits                     (abs)        000F9D
_PIE2bits                     (abs)        000FA0
_PIE3bits                     (abs)        000FA3
_PIR1bits                     (abs)        000F9E
_PIR2bits                     (abs)        000FA1
_PIR3bits                     (abs)        000FA4
_RC2IF                        (abs)        007D25
_RCONbits                     (abs)        000FD0
_RCREG2                       (abs)        000F7A
_RCSTA2                       (abs)        000FA6
_RCSTA2bits                   (abs)        000FA6
_Read2USART                   text15       00119A
_SPBRG2                       (abs)        000F7B
_SPBRGH2                      (abs)        000F7C
_T0CON                        (abs)        000FD5
_T0CONbits                    (abs)        000FD5
_T3CON                        (abs)        000FB1
_T3CONbits                    (abs)        000FB1
_T3GCON                       (abs)        000FB0
_T3GCONbits                   (abs)        000FB0
_TMR0H                        (abs)        000FD7
_TMR0IF                       (abs)        007F92
_TMR0L                        (abs)        000FD6
_TMR3H                        (abs)        000FB3
_TMR3IF                       (abs)        007D09
_TMR3L                        (abs)        000FB2
_TRISBbits                    (abs)        000F93
_TRISCbits                    (abs)        000F94
_TXREG2                       (abs)        000F79
_TXSTA2                       (abs)        000FBA
_TXSTA2bits                   (abs)        000FBA
_USART2_Status                bssCOMRAM    00002D
_Write2USART                  text3        0011F8
_WriteTimer0                  text6        001236
_WriteTimer3                  text5        001224
__CFG_BBSIZ$BB2K              (abs)        000000
__CFG_BOREN$SBORDIS           (abs)        000000
__CFG_BORPWR$ZPBORMV          (abs)        000000
__CFG_BORV$3                  (abs)        000000
__CFG_CANMX$PORTB             (abs)        000000
__CFG_CP0$OFF                 (abs)        000000
__CFG_CP1$OFF                 (abs)        000000
__CFG_CP2$OFF                 (abs)        000000
__CFG_CP3$OFF                 (abs)        000000
__CFG_CPB$OFF                 (abs)        000000
__CFG_CPD$OFF                 (abs)        000000
__CFG_EBTR0$OFF               (abs)        000000
__CFG_EBTR1$OFF               (abs)        000000
__CFG_EBTR2$OFF               (abs)        000000
__CFG_EBTR3$OFF               (abs)        000000
__CFG_EBTRB$OFF               (abs)        000000
__CFG_FCMEN$OFF               (abs)        000000
__CFG_FOSC$INTIO2             (abs)        000000
__CFG_IESO$OFF                (abs)        000000
__CFG_INTOSCSEL$HIGH          (abs)        000000
__CFG_MCLRE$ON                (abs)        000000
__CFG_MSSPMSK$MSK7            (abs)        000000
__CFG_PLLCFG$ON               (abs)        000000
__CFG_PWRTEN$OFF              (abs)        000000
__CFG_RETEN$OFF               (abs)        000000
__CFG_SOSCSEL$HIGH            (abs)        000000
__CFG_STVREN$ON               (abs)        000000
__CFG_WDTEN$SWDTDIS           (abs)        000000
__CFG_WDTPS$1048576           (abs)        000000
__CFG_WRT0$OFF                (abs)        000000
__CFG_WRT1$OFF                (abs)        000000
__CFG_WRT2$OFF                (abs)        000000
__CFG_WRT3$OFF                (abs)        000000
__CFG_WRTB$OFF                (abs)        000000
__CFG_WRTC$OFF                (abs)        000000
__CFG_WRTD$OFF                (abs)        000000
__CFG_XINST$OFF               (abs)        000000
__HRAM                        (abs)        000000
__Habs1                       abs1         000000
__Hbank0                      bank0        000000
__Hbank1                      bank1        000000
__Hbank10                     bank10       000000
__Hbank11                     bank11       000000
__Hbank12                     bank12       000000
__Hbank13                     bank13       000000
__Hbank14                     bank14       000000
__Hbank2                      bank2        000000
__Hbank3                      bank3        000000
__Hbank4                      bank4        000000
__Hbank5                      bank5        000000
__Hbank6                      bank6        000000
__Hbank7                      bank7        000000
__Hbank8                      bank8        000000
__Hbank9                      bank9        000000
__Hbigbss                     bigbss       000000
__Hbigdata                    bigdata      000000
__Hbigram                     bigram       000000
__Hbss                        bss          000000
__HbssCOMRAM                  bssCOMRAM    000000
__Hcinit                      cinit        000000
__Hclrtext                    clrtext      000000
__Hcomram                     comram       000000
__Hconfig                     config       30000E
__Hconst                      const        000000
__HcstackCOMRAM               cstackCOMRAM 000000
__Hdata                       data         000000
__Heeprom_data                eeprom_data  000000
__Hend_init                   end_init     0000AA
__Hfarbss                     farbss       000000
__Hfardata                    fardata      000000
__Hibigdata                   ibigdata     000000
__Hidata                      idata        000000
__Hidloc                      idloc        200008
__Hifardata                   ifardata     000000
__Hinit                       init         0000A6
__Hintcode                    intcode      000018
__Hintcode_body               intcode_body 000000
__Hintcodelo                  intcodelo    0000A6
__Hintentry                   intentry     000000
__Hintret                     intret       000000
__Hintsave_regs               intsave_regs 000000
__Hirdata                     irdata       000000
__Hmediumconst                mediumconst  000000
__HnvFARRAM                   nvFARRAM     000000
__Hnvbit                      nvbit        000000
__Hnvrram                     nvrram       000000
__Hparam                      rparam       000000
__Hpowerup                    powerup      0000A6
__Hram                        ram          000000
__Hramtop                     ramtop       000F00
__Hrbit                       rbit         000000
__Hrbss                       rbss         000000
__Hrdata                      rdata        000000
__Hreset_vec                  reset_vec    000004
__Hrparam                     rparam       000000
__Hsfr                        sfr          000000
__Hsmallconst                 smallconst   000F72
__Hspace_0                    (abs)        30000E
__Hspace_1                    (abs)        000033
__Hspace_2                    (abs)        000000
__Hstack                      stack        000000
__Hstruct                     struct       000000
__Htemp                       temp         000000
__Htext                       text         000000
__Htext0                      text0        000000
__Htext1                      text1        000000
__Htext10                     text10       000000
__Htext13                     text13       000000
__Htext14                     text14       000000
__Htext15                     text15       000000
__Htext2                      text2        000000
__Htext3                      text3        000000
__Htext4                      text4        000000
__Htext5                      text5        000000
__Htext6                      text6        000000
__Htext7                      text7        000000
__Htext8                      text8        000000
__Htext9                      text9        000000
__LRAM                        (abs)        000001
__Labs1                       abs1         000000
__Lbank0                      bank0        000000
__Lbank1                      bank1        000000
__Lbank10                     bank10       000000
__Lbank11                     bank11       000000
__Lbank12                     bank12       000000
__Lbank13                     bank13       000000
__Lbank14                     bank14       000000
__Lbank2                      bank2        000000
__Lbank3                      bank3        000000
__Lbank4                      bank4        000000
__Lbank5                      bank5        000000
__Lbank6                      bank6        000000
__Lbank7                      bank7        000000
__Lbank8                      bank8        000000
__Lbank9                      bank9        000000
__Lbigbss                     bigbss       000000
__Lbigdata                    bigdata      000000
__Lbigram                     bigram       000000
__Lbss                        bss          000000
__LbssCOMRAM                  bssCOMRAM    000000
__Lcinit                      cinit        000000
__Lclrtext                    clrtext      000000
__Lcomram                     comram       000000
__Lconfig                     config       300000
__Lconst                      const        000000
__LcstackCOMRAM               cstackCOMRAM 000000
__Ldata                       data         000000
__Leeprom_data                eeprom_data  000000
__Lend_init                   end_init     0000A6
__Lfarbss                     farbss       000000
__Lfardata                    fardata      000000
__Libigdata                   ibigdata     000000
__Lidata                      idata        000000
__Lidloc                      idloc        200000
__Lifardata                   ifardata     000000
__Linit                       init         0000A6
__Lintcode                    intcode      000008
__Lintcode_body               intcode_body 000000
__Lintcodelo                  intcodelo    000018
__Lintentry                   intentry     000000
__Lintret                     intret       000000
__Lintsave_regs               intsave_regs 000000
__Lirdata                     irdata       000000
__Lmediumconst                mediumconst  000000
__LnvFARRAM                   nvFARRAM     000000
__Lnvbit                      nvbit        000000
__Lnvrram                     nvrram       000000
__Lparam                      rparam       000000
__Lpowerup                    powerup      0000A6
__Lram                        ram          000000
__Lramtop                     ramtop       000F00
__Lrbit                       rbit         000000
__Lrbss                       rbss         000000
__Lrdata                      rdata        000000
__Lreset_vec                  reset_vec    000000
__Lrparam                     rparam       000000
__Lsfr                        sfr          000000
__Lsmallconst                 smallconst   000F00
__Lspace_0                    (abs)        000000
__Lspace_1                    (abs)        000000
__Lspace_2                    (abs)        000000
__Lstack                      stack        000000
__Lstruct                     struct       000000
__Ltemp                       temp         000000
__Ltext                       text         000000
__Ltext0                      text0        000000
__Ltext1                      text1        000000
__Ltext10                     text10       000000
__Ltext13                     text13       000000
__Ltext14                     text14       000000
__Ltext15                     text15       000000
__Ltext2                      text2        000000
__Ltext3                      text3        000000
__Ltext4                      text4        000000
__Ltext5                      text5        000000
__Ltext6                      text6        000000
__Ltext7                      text7        000000
__Ltext8                      text8        000000
__Ltext9                      text9        000000
__S0                          (abs)        30000E
__S1                          (abs)        000033
__S2                          (abs)        000000
___inthi_sp                   stack        000000
___intlo_sp                   stack        000000
___param_bank                 (abs)        000010
___rparam_used                (abs)        000001
___sp                         stack        000000
__accesstop                   (abs)        000060
__activetblptr                (abs)        000001
__end_of_ConfigureOscillator  text10       001224
__end_of_InitApp              text4        0010E8
__end_of_Open2USART           text9        001088
__end_of_OpenTimer0           text8        0011DE
__end_of_OpenTimer3           text7        00116E
__end_of_Read2USART           text15       0011BE
__end_of_Write2USART          text3        00120E
__end_of_WriteTimer0          text6        001248
__end_of_WriteTimer3          text5        001236
__end_of__initialization      cinit        0011EA
__end_of_doHeartBeat          text14       00126E
__end_of_high_isr             intcode_body 001020
__end_of_low_isr              intcodelo    0000A6
__end_of_main                 text0        001130
__end_of_printf               text1        00119A
__end_of_putch                text2        00126A
__end_ofi2_WriteTimer0        text13       00125A
__initialization              cinit        0011DE
__mediumconst                 mediumconst  000000
__pbssCOMRAM                  bssCOMRAM    00002B
__pcinit                      cinit        0011DE
__pcstackCOMRAM               cstackCOMRAM 000001
__pintcode                    intcode      000008
__pintcode_body               intcode_body 000F72
__pintcodelo                  intcodelo    000018
__psmallconst                 smallconst   000F00
__ptext0                      text0        0010E8
__ptext1                      text1        00116E
__ptext10                     text10       00120E
__ptext13                     text13       001248
__ptext14                     text14       00126A
__ptext15                     text15       00119A
__ptext2                      text2        00125A
__ptext3                      text3        0011F8
__ptext4                      text4        001088
__ptext5                      text5        001224
__ptext6                      text6        001236
__ptext7                      text7        001130
__ptext8                      text8        0011BE
__ptext9                      text9        001020
__ramtop                      ramtop       000F00
__size_of_ConfigureOscillator (abs)        000000
__size_of_InitApp             (abs)        000000
__size_of_Open2USART          (abs)        000000
__size_of_OpenTimer0          (abs)        000000
__size_of_OpenTimer3          (abs)        000000
__size_of_Read2USART          (abs)        000000
__size_of_Write2USART         (abs)        000000
__size_of_WriteTimer0         (abs)        000000
__size_of_WriteTimer3         (abs)        000000
__size_of_doHeartBeat         (abs)        000000
__size_of_high_isr            (abs)        000000
__size_of_low_isr             (abs)        000000
__size_of_main                (abs)        000000
__size_of_printf              (abs)        000000
__size_of_putch               (abs)        000000
__size_ofi2_WriteTimer0       (abs)        000000
__smallconst                  smallconst   000F00
_adcIndex                     bssCOMRAM    00002B
_doHeartBeat                  text14       00126A
_high_isr                     intcode      000008
_low_isr                      intcodelo    000018
_main                         text0        0010E8
_printf                       text1        00116E
_putch                        text2        00125A
_receivedCharacter            bssCOMRAM    00002E
_uart1CharacterReceived       bssCOMRAM    00002F
_uart2CharacterReceived       bssCOMRAM    000030
_unhandledIRQ                 bssCOMRAM    000031
_updateDisplay                bssCOMRAM    000032
end_of_initialization         cinit        0011EA
i2WriteTimer0@timer           cstackCOMRAM 000014
i2WriteTimer0@timer0          cstackCOMRAM 000012
i2_WriteTimer0                text13       001248
int_func                      intcode_body 000F72
intlevel0                     text         000000
intlevel1                     text         000000
intlevel2                     text         000000
intlevel3                     text         000000
printf@ap                     cstackCOMRAM 000028
printf@c                      cstackCOMRAM 00002A
printf@f                      cstackCOMRAM 000026
putch@data                    cstackCOMRAM 000025
stackhi                       (abs)        000E40
stacklo                       (abs)        000060
start                         init         0000A6
start_initialization          cinit        0011DE


FUNCTION INFORMATION:

 *************** function _main *****************
 Defined at:
		line 40 in file "src/main.c"
 Parameters:    Size  Location     Type
		None
 Auto vars:     Size  Location     Type
		None
 Return value:  Size  Location     Type
		None               void
 Registers used:
		wreg, status,2, status,0, tblptrl, tblptrh, tblptru, cstack
 Tracked objects:
		On entry : 
		On exit  : 
		Unchanged: 
 Data sizes:     COMRAM   BANK0   BANK1   BANK2   BANK3   BANK4   BANK5   BANK6   BANK7   BANK8   BANK9  BANK10  BANK11  BANK12  BANK13  BANK14
      Params:         0       0       0       0       0       0       0       0       0       0       0       0       0       0       0       0
      Locals:         0       0       0       0       0       0       0       0       0       0       0       0       0       0       0       0
      Temps:          0       0       0       0       0       0       0       0       0       0       0       0       0       0       0       0
      Totals:         0       0       0       0       0       0       0       0       0       0       0       0       0       0       0       0
Total ram usage:        0 bytes
 Hardware stack levels required when called:    6
 This function calls:
		_ConfigureOscillator
		_InitApp
		_printf
 This function is called by:
		Startup code after reset
 This function uses a non-reentrant model


 *************** function _printf *****************
 Defined at:
		line 464 in file "/opt/microchip/xc8/v1.34/sources/common/doprnt.c"
 Parameters:    Size  Location     Type
  f               2   37[COMRAM] PTR const unsigned char 
		 -> STR_3(32), STR_2(33), STR_1(46), 
 Auto vars:     Size  Location     Type
  tmpval          4    0        struct .
  cp              3    0        PTR const unsigned char 
  ap              2   39[COMRAM] PTR void [1]
		 -> ?_printf(2), 
  len             2    0        unsigned int 
  val             2    0        unsigned int 
  c               1   41[COMRAM] char 
  flag            1    0        unsigned char 
  prec            1    0        char 
 Return value:  Size  Location     Type
                  2   37[COMRAM] int 
 Registers used:
		wreg, status,2, status,0, tblptrl, tblptrh, tblptru, cstack
 Tracked objects:
		On entry : 
		On exit  : 
		Unchanged: 
 Data sizes:     COMRAM   BANK0   BANK1   BANK2   BANK3   BANK4   BANK5   BANK6   BANK7   BANK8   BANK9  BANK10  BANK11  BANK12  BANK13  BANK14
      Params:         2       0       0       0       0       0       0       0       0       0       0       0       0       0       0       0
      Locals:         3       0       0       0       0       0       0       0       0       0       0       0       0       0       0       0
      Temps:          0       0       0       0       0       0       0       0       0       0       0       0       0       0       0       0
      Totals:         5       0       0       0       0       0       0       0       0       0       0       0       0       0       0       0
Total ram usage:        5 bytes
 Hardware stack levels used:    1
 Hardware stack levels required when called:    5
 This function calls:
		_putch
 This function is called by:
		_main
 This function uses a non-reentrant model


 *************** function _putch *****************
 Defined at:
		line 29 in file "src/user.c"
 Parameters:    Size  Location     Type
  data            1    wreg     unsigned char 
 Auto vars:     Size  Location     Type
  data            1   36[COMRAM] unsigned char 
 Return value:  Size  Location     Type
		None               void
 Registers used:
		wreg, status,2, cstack
 Tracked objects:
		On entry : 
		On exit  : 
		Unchanged: 
 Data sizes:     COMRAM   BANK0   BANK1   BANK2   BANK3   BANK4   BANK5   BANK6   BANK7   BANK8   BANK9  BANK10  BANK11  BANK12  BANK13  BANK14
      Params:         0       0       0       0       0       0       0       0       0       0       0       0       0       0       0       0
      Locals:         1       0       0       0       0       0       0       0       0       0       0       0       0       0       0       0
      Temps:          0       0       0       0       0       0       0       0       0       0       0       0       0       0       0       0
      Totals:         1       0       0       0       0       0       0       0       0       0       0       0       0       0       0       0
Total ram usage:        1 bytes
 Hardware stack levels used:    1
 Hardware stack levels required when called:    4
 This function calls:
		_Write2USART
 This function is called by:
		_printf
 This function uses a non-reentrant model


 *************** function _Write2USART *****************
 Defined at:
		line 15 in file "/opt/microchip/xc8/v1.34/sources/pic18/plib/USART/u2write.c"
 Parameters:    Size  Location     Type
  data            1    wreg     unsigned char 
 Auto vars:     Size  Location     Type
  data            1   35[COMRAM] unsigned char 
 Return value:  Size  Location     Type
		None               void
 Registers used:
		wreg
 Tracked objects:
		On entry : 
		On exit  : 
		Unchanged: 
 Data sizes:     COMRAM   BANK0   BANK1   BANK2   BANK3   BANK4   BANK5   BANK6   BANK7   BANK8   BANK9  BANK10  BANK11  BANK12  BANK13  BANK14
      Params:         0       0       0       0       0       0       0       0       0       0       0       0       0       0       0       0
      Locals:         1       0       0       0       0       0       0       0       0       0       0       0       0       0       0       0
      Temps:          0       0       0       0       0       0       0       0       0       0       0       0       0       0       0       0
      Totals:         1       0       0       0       0       0       0       0       0       0       0       0       0       0       0       0
Total ram usage:        1 bytes
 Hardware stack levels used:    1
 Hardware stack levels required when called:    3
 This function calls:
		Nothing
 This function is called by:
		_putch
 This function uses a non-reentrant model


 *************** function _InitApp *****************
 Defined at:
		line 36 in file "src/user.c"
 Parameters:    Size  Location     Type
		None
 Auto vars:     Size  Location     Type
		None
 Return value:  Size  Location     Type
		None               void
 Registers used:
		wreg, status,2, status,0, cstack
 Tracked objects:
		On entry : 
		On exit  : 
		Unchanged: 
 Data sizes:     COMRAM   BANK0   BANK1   BANK2   BANK3   BANK4   BANK5   BANK6   BANK7   BANK8   BANK9  BANK10  BANK11  BANK12  BANK13  BANK14
      Params:         0       0       0       0       0       0       0       0       0       0       0       0       0       0       0       0
      Locals:         0       0       0       0       0       0       0       0       0       0       0       0       0       0       0       0
      Temps:          0       0       0       0       0       0       0       0       0       0       0       0       0       0       0       0
      Totals:         0       0       0       0       0       0       0       0       0       0       0       0       0       0       0       0
Total ram usage:        0 bytes
 Hardware stack levels used:    1
 Hardware stack levels required when called:    4
 This function calls:
		_Open2USART
		_OpenTimer0
		_OpenTimer3
		_WriteTimer0
		_WriteTimer3
 This function is called by:
		_main
 This function uses a non-reentrant model


 *************** function _WriteTimer3 *****************
 Defined at:
		line 12 in file "/opt/microchip/xc8/v1.34/sources/pic18/plib/Timers/t3write.c"
 Parameters:    Size  Location     Type
  timer3          2   35[COMRAM] unsigned int 
 Auto vars:     Size  Location     Type
  timer           2   37[COMRAM] struct Timers
 Return value:  Size  Location     Type
		None               void
 Registers used:
		None
 Tracked objects:
		On entry : 
		On exit  : 
		Unchanged: 
 Data sizes:     COMRAM   BANK0   BANK1   BANK2   BANK3   BANK4   BANK5   BANK6   BANK7   BANK8   BANK9  BANK10  BANK11  BANK12  BANK13  BANK14
      Params:         2       0       0       0       0       0       0       0       0       0       0       0       0       0       0       0
      Locals:         2       0       0       0       0       0       0       0       0       0       0       0       0       0       0       0
      Temps:          0       0       0       0       0       0       0       0       0       0       0       0       0       0       0       0
      Totals:         4       0       0       0       0       0       0       0       0       0       0       0       0       0       0       0
Total ram usage:        4 bytes
 Hardware stack levels used:    1
 Hardware stack levels required when called:    3
 This function calls:
		Nothing
 This function is called by:
		_InitApp
 This function uses a non-reentrant model


 *************** function _WriteTimer0 *****************
 Defined at:
		line 16 in file "/opt/microchip/xc8/v1.34/sources/pic18/plib/Timers/t0write.c"
 Parameters:    Size  Location     Type
  timer0          2   35[COMRAM] unsigned int 
 Auto vars:     Size  Location     Type
  timer           2   37[COMRAM] struct Timers
 Return value:  Size  Location     Type
		None               void
 Registers used:
		None
 Tracked objects:
		On entry : 
		On exit  : 
		Unchanged: 
 Data sizes:     COMRAM   BANK0   BANK1   BANK2   BANK3   BANK4   BANK5   BANK6   BANK7   BANK8   BANK9  BANK10  BANK11  BANK12  BANK13  BANK14
      Params:         2       0       0       0       0       0       0       0       0       0       0       0       0       0       0       0
      Locals:         2       0       0       0       0       0       0       0       0       0       0       0       0       0       0       0
      Temps:          0       0       0       0       0       0       0       0       0       0       0       0       0       0       0       0
      Totals:         4       0       0       0       0       0       0       0       0       0       0       0       0       0       0       0
Total ram usage:        4 bytes
 Hardware stack levels used:    1
 Hardware stack levels required when called:    3
 This function calls:
		Nothing
 This function is called by:
		_InitApp
 This function uses a non-reentrant model


 *************** function _OpenTimer3 *****************
 Defined at:
		line 94 in file "/opt/microchip/xc8/v1.34/sources/pic18/plib/Timers/t3open.c"
 Parameters:    Size  Location     Type
  config          1    wreg     unsigned char 
  config1         1   35[COMRAM] unsigned char 
 Auto vars:     Size  Location     Type
  config          1   37[COMRAM] unsigned char 
 Return value:  Size  Location     Type
		None               void
 Registers used:
		wreg, status,2, status,0
 Tracked objects:
		On entry : 
		On exit  : 
		Unchanged: 
 Data sizes:     COMRAM   BANK0   BANK1   BANK2   BANK3   BANK4   BANK5   BANK6   BANK7   BANK8   BANK9  BANK10  BANK11  BANK12  BANK13  BANK14
      Params:         1       0       0       0       0       0       0       0       0       0       0       0       0       0       0       0
      Locals:         1       0       0       0       0       0       0       0       0       0       0       0       0       0       0       0
      Temps:          1       0       0       0       0       0       0       0       0       0       0       0       0       0       0       0
      Totals:         3       0       0       0       0       0       0       0       0       0       0       0       0       0       0       0
Total ram usage:        3 bytes
 Hardware stack levels used:    1
 Hardware stack levels required when called:    3
 This function calls:
		Nothing
 This function is called by:
		_InitApp
 This function uses a non-reentrant model


 *************** function _OpenTimer0 *****************
 Defined at:
		line 18 in file "/opt/microchip/xc8/v1.34/sources/pic18/plib/Timers/t0open.c"
 Parameters:    Size  Location     Type
  config          1    wreg     unsigned char 
 Auto vars:     Size  Location     Type
  config          1   35[COMRAM] unsigned char 
 Return value:  Size  Location     Type
		None               void
 Registers used:
		wreg, status,2, status,0
 Tracked objects:
		On entry : 
		On exit  : 
		Unchanged: 
 Data sizes:     COMRAM   BANK0   BANK1   BANK2   BANK3   BANK4   BANK5   BANK6   BANK7   BANK8   BANK9  BANK10  BANK11  BANK12  BANK13  BANK14
      Params:         0       0       0       0       0       0       0       0       0       0       0       0       0       0       0       0
      Locals:         1       0       0       0       0       0       0       0       0       0       0       0       0       0       0       0
      Temps:          0       0       0       0       0       0       0       0       0       0       0       0       0       0       0       0
      Totals:         1       0       0       0       0       0       0       0       0       0       0       0       0       0       0       0
Total ram usage:        1 bytes
 Hardware stack levels used:    1
 Hardware stack levels required when called:    3
 This function calls:
		Nothing
 This function is called by:
		_InitApp
 This function uses a non-reentrant model


 *************** function _Open2USART *****************
 Defined at:
		line 118 in file "/opt/microchip/xc8/v1.34/sources/pic18/plib/USART/u2open.c"
 Parameters:    Size  Location     Type
  config          1    wreg     unsigned char 
  spbrg           2   35[COMRAM] unsigned int 
 Auto vars:     Size  Location     Type
  config          1   37[COMRAM] unsigned char 
 Return value:  Size  Location     Type
		None               void
 Registers used:
		wreg, status,2
 Tracked objects:
		On entry : 
		On exit  : 
		Unchanged: 
 Data sizes:     COMRAM   BANK0   BANK1   BANK2   BANK3   BANK4   BANK5   BANK6   BANK7   BANK8   BANK9  BANK10  BANK11  BANK12  BANK13  BANK14
      Params:         2       0       0       0       0       0       0       0       0       0       0       0       0       0       0       0
      Locals:         1       0       0       0       0       0       0       0       0       0       0       0       0       0       0       0
      Temps:          0       0       0       0       0       0       0       0       0       0       0       0       0       0       0       0
      Totals:         3       0       0       0       0       0       0       0       0       0       0       0       0       0       0       0
Total ram usage:        3 bytes
 Hardware stack levels used:    1
 Hardware stack levels required when called:    3
 This function calls:
		Nothing
 This function is called by:
		_InitApp
 This function uses a non-reentrant model


 *************** function _ConfigureOscillator *****************
 Defined at:
		line 16 in file "src/system.c"
 Parameters:    Size  Location     Type
		None
 Auto vars:     Size  Location     Type
		None
 Return value:  Size  Location     Type
		None               void
 Registers used:
		wreg, status,2
 Tracked objects:
		On entry : 
		On exit  : 
		Unchanged: 
 Data sizes:     COMRAM   BANK0   BANK1   BANK2   BANK3   BANK4   BANK5   BANK6   BANK7   BANK8   BANK9  BANK10  BANK11  BANK12  BANK13  BANK14
      Params:         0       0       0       0       0       0       0       0       0       0       0       0       0       0       0       0
      Locals:         0       0       0       0       0       0       0       0       0       0       0       0       0       0       0       0
      Temps:          0       0       0       0       0       0       0       0       0       0       0       0       0       0       0       0
      Totals:         0       0       0       0       0       0       0       0       0       0       0       0       0       0       0       0
Total ram usage:        0 bytes
 Hardware stack levels used:    1
 Hardware stack levels required when called:    3
 This function calls:
		Nothing
 This function is called by:
		_main
 This function uses a non-reentrant model


 *************** function _low_isr *****************
 Defined at:
		line 55 in file "src/interrupts.c"
 Parameters:    Size  Location     Type
		None
 Auto vars:     Size  Location     Type
		None
 Return value:  Size  Location     Type
		None               void
 Registers used:
		wreg, status,2
 Tracked objects:
		On entry : 
		On exit  : 
		Unchanged: 
 Data sizes:     COMRAM   BANK0   BANK1   BANK2   BANK3   BANK4   BANK5   BANK6   BANK7   BANK8   BANK9  BANK10  BANK11  BANK12  BANK13  BANK14
      Params:         0       0       0       0       0       0       0       0       0       0       0       0       0       0       0       0
      Locals:         0       0       0       0       0       0       0       0       0       0       0       0       0       0       0       0
      Temps:         17       0       0       0       0       0       0       0       0       0       0       0       0       0       0       0
      Totals:        17       0       0       0       0       0       0       0       0       0       0       0       0       0       0       0
Total ram usage:       17 bytes
 Hardware stack levels used:    1
 Hardware stack levels required when called:    2
 This function calls:
		Nothing
 This function is called by:
		Interrupt level 1
 This function uses a non-reentrant model


 *************** function _high_isr *****************
 Defined at:
		line 20 in file "src/interrupts.c"
 Parameters:    Size  Location     Type
		None
 Auto vars:     Size  Location     Type
		None
 Return value:  Size  Location     Type
		None               void
 Registers used:
		wreg, status,2, status,0, cstack
 Tracked objects:
		On entry : 
		On exit  : 
		Unchanged: 
 Data sizes:     COMRAM   BANK0   BANK1   BANK2   BANK3   BANK4   BANK5   BANK6   BANK7   BANK8   BANK9  BANK10  BANK11  BANK12  BANK13  BANK14
      Params:         0       0       0       0       0       0       0       0       0       0       0       0       0       0       0       0
      Locals:         0       0       0       0       0       0       0       0       0       0       0       0       0       0       0       0
      Temps:         14       0       0       0       0       0       0       0       0       0       0       0       0       0       0       0
      Totals:        14       0       0       0       0       0       0       0       0       0       0       0       0       0       0       0
Total ram usage:       14 bytes
 Hardware stack levels used:    1
 Hardware stack levels required when called:    1
 This function calls:
		_Read2USART
		_doHeartBeat
		i2_WriteTimer0
 This function is called by:
		Interrupt level 2
 This function uses a non-reentrant model


 *************** function i2_WriteTimer0 *****************
 Defined at:
		line 16 in file "/opt/microchip/xc8/v1.34/sources/pic18/plib/Timers/t0write.c"
 Parameters:    Size  Location     Type
  timer0          2   17[COMRAM] unsigned int 
 Auto vars:     Size  Location     Type
  WriteTimer0     2   19[COMRAM] struct Timers
 Return value:  Size  Location     Type
		None               void
 Registers used:
		None
 Tracked objects:
		On entry : 
		On exit  : 
		Unchanged: 
 Data sizes:     COMRAM   BANK0   BANK1   BANK2   BANK3   BANK4   BANK5   BANK6   BANK7   BANK8   BANK9  BANK10  BANK11  BANK12  BANK13  BANK14
      Params:         2       0       0       0       0       0       0       0       0       0       0       0       0       0       0       0
      Locals:         2       0       0       0       0       0       0       0       0       0       0       0       0       0       0       0
      Temps:          0       0       0       0       0       0       0       0       0       0       0       0       0       0       0       0
      Totals:         4       0       0       0       0       0       0       0       0       0       0       0       0       0       0       0
Total ram usage:        4 bytes
 Hardware stack levels used:    1
 This function calls:
		Nothing
 This function is called by:
		_high_isr
 This function uses a non-reentrant model


 *************** function _doHeartBeat *****************
 Defined at:
		line 108 in file "src/user.c"
 Parameters:    Size  Location     Type
		None
 Auto vars:     Size  Location     Type
		None
 Return value:  Size  Location     Type
		None               void
 Registers used:
		None
 Tracked objects:
		On entry : 
		On exit  : 
		Unchanged: 
 Data sizes:     COMRAM   BANK0   BANK1   BANK2   BANK3   BANK4   BANK5   BANK6   BANK7   BANK8   BANK9  BANK10  BANK11  BANK12  BANK13  BANK14
      Params:         0       0       0       0       0       0       0       0       0       0       0       0       0       0       0       0
      Locals:         0       0       0       0       0       0       0       0       0       0       0       0       0       0       0       0
      Temps:          0       0       0       0       0       0       0       0       0       0       0       0       0       0       0       0
      Totals:         0       0       0       0       0       0       0       0       0       0       0       0       0       0       0       0
Total ram usage:        0 bytes
 Hardware stack levels used:    1
 This function calls:
		Nothing
 This function is called by:
		_high_isr
 This function uses a non-reentrant model


 *************** function _Read2USART *****************
 Defined at:
		line 17 in file "/opt/microchip/xc8/v1.34/sources/pic18/plib/USART/u2read.c"
 Parameters:    Size  Location     Type
		None
 Auto vars:     Size  Location     Type
  data            1   17[COMRAM] unsigned char 
 Return value:  Size  Location     Type
                  1    wreg      unsigned char 
 Registers used:
		wreg, status,2, status,0
 Tracked objects:
		On entry : 
		On exit  : 
		Unchanged: 
 Data sizes:     COMRAM   BANK0   BANK1   BANK2   BANK3   BANK4   BANK5   BANK6   BANK7   BANK8   BANK9  BANK10  BANK11  BANK12  BANK13  BANK14
      Params:         0       0       0       0       0       0       0       0       0       0       0       0       0       0       0       0
      Locals:         1       0       0       0       0       0       0       0       0       0       0       0       0       0       0       0
      Temps:          0       0       0       0       0       0       0       0       0       0       0       0       0       0       0       0
      Totals:         1       0       0       0       0       0       0       0       0       0       0       0       0       0       0       0
Total ram usage:        1 bytes
 Hardware stack levels used:    1
 This function calls:
		Nothing
 This function is called by:
		_high_isr
 This function uses a non-reentrant model



MODULE INFORMATION

Module		Function		Class		Link	Load	Size
/opt/microchip/xc8/v1.34/sources/pic18/plib/USART/u2open.c
		_Open2USART    		CODE           	1020	0000	105

/opt/microchip/xc8/v1.34/sources/pic18/plib/USART/u2open.c estimated size: 105

src/system.c
		_ConfigureOscil		CODE           	120E	0000	23

src/system.c estimated size: 23

/opt/microchip/xc8/v1.34/sources/common/doprnt.c
		_printf        		CODE           	116E	0000	45

/opt/microchip/xc8/v1.34/sources/common/doprnt.c estimated size: 45

/opt/microchip/xc8/v1.34/sources/pic18/plib/Timers/t0write.c
		_WriteTimer0   		CODE           	1236	0000	19

/opt/microchip/xc8/v1.34/sources/pic18/plib/Timers/t0write.c estimated size: 19

src/user.c
		_doHeartBeat   		CODE           	126A	0000	5
		_putch         		CODE           	125A	0000	17
		_InitApp       		CODE           	1088	0000	97

src/user.c estimated size: 119

/opt/microchip/xc8/v1.34/sources/pic18/plib/Timers/t3write.c
		_WriteTimer3   		CODE           	1224	0000	19

/opt/microchip/xc8/v1.34/sources/pic18/plib/Timers/t3write.c estimated size: 19

src/main.c
		_main          		CODE           	10E8	0000	73

src/main.c estimated size: 73

/opt/microchip/xc8/v1.34/sources/pic18/plib/USART/u2read.c
		_Read2USART    		CODE           	119A	0000	37

/opt/microchip/xc8/v1.34/sources/pic18/plib/USART/u2read.c estimated size: 37

src/interrupts.c
		_high_isr      		CODE           	0008	0000	191
		_low_isr       		CODE           	0018	0000	143

src/interrupts.c estimated size: 334

/opt/microchip/xc8/v1.34/sources/pic18/plib/USART/u2write.c
		_Write2USART   		CODE           	11F8	0000	23

/opt/microchip/xc8/v1.34/sources/pic18/plib/USART/u2write.c estimated size: 23

shared
		__initializatio		CODE           	11DE	0000	13
		i2_WriteTimer0 		CODE           	1248	0000	19

shared estimated size: 32

/opt/microchip/xc8/v1.34/sources/pic18/plib/Timers/t0open.c
		_OpenTimer0    		CODE           	11BE	0000	33

/opt/microchip/xc8/v1.34/sources/pic18/plib/Timers/t0open.c estimated size: 33

/opt/microchip/xc8/v1.34/sources/pic18/plib/Timers/t3open.c
		_OpenTimer3    		CODE           	1130	0000	63

/opt/microchip/xc8/v1.34/sources/pic18/plib/Timers/t3open.c estimated size: 63

